C51 COMPILER V9.60.7.0   MAIN                                                              03/02/2024 21:49:56 PAGE 1   


C51 COMPILER V9.60.7.0, COMPILATION OF MODULE MAIN
OBJECT MODULE PLACED IN main.OBJ
COMPILER INVOKED BY: D:\zhulibo\software\keil5\C51\BIN\C51.EXE main.c OPTIMIZE(8,SPEED) DEBUG OBJECTEXTEND PRINT(.\Listi
                    -ngs\main.lst) TABS(2)

line level    source

   1          #include <REGX52.H>
   2          #include<INTRINS.H>
   3          
   4          
   5          void Delay1ms(unsigned int x) 
   6          {
   7   1        while(x)
   8   1        {
   9   2          unsigned char i, j;
  10   2      
  11   2          i = 2;
  12   2          j = 239;
  13   2          do
  14   2          {
  15   3            while (--j);
  16   3          } while (--i);
  17   2          
  18   2          x--;
  19   2        }
  20   1      
  21   1         
  22   1      } //@12.000MHz
  23          
  24          
  25          
  26          
  27          
  28          void main(){
  29   1      
  30   1      
  31   1        while(1)
  32   1        {
  33   2              P2= 0xFE;    //1111 1110
  34   2            Delay1ms(500);
  35   2          
  36   2            P2= 0xFD;   //1111 1101
  37   2            Delay1ms(500);
  38   2          
  39   2            P2= 0xFB;    //1111 1011
  40   2            Delay1ms(500);
  41   2          
  42   2            P2= 0xF7;   //1111 0111
  43   2            Delay1ms(500);
  44   2          
  45   2            P2= 0xEF;    //1110 1111
  46   2            Delay1ms(100);
  47   2          
  48   2            P2= 0xDF;    //1101 1111
  49   2            Delay1ms(100);
  50   2          
  51   2            P2= 0xBF;    //1011 1111
  52   2            Delay1ms(100);
  53   2          
  54   2            P2= 0x7F;   //0111 1111
C51 COMPILER V9.60.7.0   MAIN                                                              03/02/2024 21:49:56 PAGE 2   

  55   2            Delay1ms(100);
  56   2      
  57   2        }
  58   1      
  59   1      
  60   1      }


MODULE INFORMATION:   STATIC OVERLAYABLE
   CODE SIZE        =     94    ----
   CONSTANT SIZE    =   ----    ----
   XDATA SIZE       =   ----    ----
   PDATA SIZE       =   ----    ----
   DATA SIZE        =   ----       2
   IDATA SIZE       =   ----    ----
   BIT SIZE         =   ----    ----
END OF MODULE INFORMATION.


C51 COMPILATION COMPLETE.  0 WARNING(S),  0 ERROR(S)
